Release 14.7 - xst P.20131013 (nt64)
Copyright (c) 1995-2013 Xilinx, Inc.  All rights reserved.
--> Parameter TMPDIR set to xst/projnav.tmp


Total REAL time to Xst completion: 0.00 secs
Total CPU time to Xst completion: 0.07 secs
 
--> Parameter xsthdpdir set to xst


Total REAL time to Xst completion: 0.00 secs
Total CPU time to Xst completion: 0.07 secs
 
--> Reading design: button_led_buzzer.prj

TABLE OF CONTENTS
  1) Synthesis Options Summary
  2) HDL Parsing
  3) HDL Elaboration
  4) HDL Synthesis
       4.1) HDL Synthesis Report
  5) Advanced HDL Synthesis
       5.1) Advanced HDL Synthesis Report
  6) Low Level Synthesis
  7) Partition Report
  8) Design Summary
       8.1) Primitive and Black Box Usage
       8.2) Device utilization summary
       8.3) Partition Resource Summary
       8.4) Timing Report
            8.4.1) Clock Information
            8.4.2) Asynchronous Control Signals Information
            8.4.3) Timing Summary
            8.4.4) Timing Details
            8.4.5) Cross Clock Domains Report


=========================================================================
*                      Synthesis Options Summary                        *
=========================================================================
---- Source Parameters
Input File Name                    : "button_led_buzzer.prj"
Ignore Synthesis Constraint File   : NO

---- Target Parameters
Output File Name                   : "button_led_buzzer"
Output Format                      : NGC
Target Device                      : xc6slx9-2-tqg144

---- Source Options
Top Module Name                    : button_led_buzzer
Automatic FSM Extraction           : YES
FSM Encoding Algorithm             : Auto
Safe Implementation                : No
FSM Style                          : LUT
RAM Extraction                     : Yes
RAM Style                          : Auto
ROM Extraction                     : Yes
Shift Register Extraction          : YES
ROM Style                          : Auto
Resource Sharing                   : YES
Asynchronous To Synchronous        : NO
Shift Register Minimum Size        : 2
Use DSP Block                      : Auto
Automatic Register Balancing       : No

---- Target Options
LUT Combining                      : Auto
Reduce Control Sets                : Auto
Add IO Buffers                     : YES
Global Maximum Fanout              : 100000
Add Generic Clock Buffer(BUFG)     : 16
Register Duplication               : YES
Optimize Instantiated Primitives   : NO
Use Clock Enable                   : Auto
Use Synchronous Set                : Auto
Use Synchronous Reset              : Auto
Pack IO Registers into IOBs        : Auto
Equivalent register Removal        : YES

---- General Options
Optimization Goal                  : Speed
Optimization Effort                : 1
Power Reduction                    : NO
Keep Hierarchy                     : No
Netlist Hierarchy                  : As_Optimized
RTL Output                         : Yes
Global Optimization                : AllClockNets
Read Cores                         : YES
Write Timing Constraints           : NO
Cross Clock Analysis               : NO
Hierarchy Separator                : /
Bus Delimiter                      : <>
Case Specifier                     : Maintain
Slice Utilization Ratio            : 100
BRAM Utilization Ratio             : 100
DSP48 Utilization Ratio            : 100
Auto BRAM Packing                  : NO
Slice Utilization Ratio Delta      : 5

=========================================================================


=========================================================================
*                          HDL Parsing                                  *
=========================================================================
Analyzing Verilog file "C:\Users\Lenovo\Desktop\MouseRandACC_button\button_led_buzzer.v" into library work
Parsing module <button_led_buzzer>.

=========================================================================
*                            HDL Elaboration                            *
=========================================================================

Elaborating module <button_led_buzzer>.
WARNING:HDLCompiler:413 - "C:\Users\Lenovo\Desktop\MouseRandACC_button\button_led_buzzer.v" Line 158: Result of 32-bit expression is truncated to fit in 1-bit target.
WARNING:HDLCompiler:413 - "C:\Users\Lenovo\Desktop\MouseRandACC_button\button_led_buzzer.v" Line 276: Result of 9-bit expression is truncated to fit in 8-bit target.

=========================================================================
*                           HDL Synthesis                               *
=========================================================================

Synthesizing Unit <button_led_buzzer>.
    Related source file is "C:\Users\Lenovo\Desktop\MouseRandACC_button\button_led_buzzer.v".
    Set property "KEEP = TRUE" for signal <cnt_900us>.
    Set property "KEEP = TRUE" for signal <_n0210>.
    Found 1-bit register for signal <cnt_full>.
    Found 3-bit register for signal <state>.
    Found 4-bit register for signal <col>.
    Found 5-bit register for signal <key_out>.
    Found 5-bit register for signal <key_out_buf>.
    Found 20-bit register for signal <cnt_900us>.
    Found 5-bit register for signal <key_out_fliter>.
    Found 32-bit register for signal <time_rand>.
    Found 32-bit register for signal <time_cnt>.
    Found 32-bit register for signal <rand>.
    Found 3-bit register for signal <temp1>.
    Found 32-bit register for signal <limit>.
    Found 8-bit register for signal <led_reg>.
    Found 1-bit register for signal <buzzer>.
    Found 1-bit register for signal <game_over>.
    Found 32-bit register for signal <delay_cnt>.
    Found 8-bit register for signal <led>.
    Found 17-bit register for signal <div_cnt>.
    Found finite state machine <FSM_0> for signal <state>.
    -----------------------------------------------------------------------
    | States             | 4                                              |
    | Transitions        | 12                                             |
    | Inputs             | 2                                              |
    | Outputs            | 6                                              |
    | Clock              | clk (rising_edge)                              |
    | Power Up State     | 000                                            |
    | Encoding           | auto                                           |
    | Implementation     | LUT                                            |
    -----------------------------------------------------------------------
    Found 17-bit adder for signal <div_cnt[16]_GND_1_o_add_2_OUT> created at line 46.
    Found 20-bit adder for signal <cnt_900us[19]_GND_1_o_add_62_OUT> created at line 148.
    Found 32-bit adder for signal <time_rand[31]_GND_1_o_add_76_OUT> created at line 180.
    Found 32-bit adder for signal <time_rand[31]_GND_1_o_add_78_OUT> created at line 182.
    Found 32-bit adder for signal <time_rand[31]_GND_1_o_add_80_OUT> created at line 184.
    Found 32-bit adder for signal <time_rand[31]_GND_1_o_add_82_OUT> created at line 186.
    Found 3-bit adder for signal <temp1[2]_GND_1_o_add_97_OUT> created at line 208.
    Found 32-bit adder for signal <time_cnt[31]_GND_1_o_add_98_OUT> created at line 212.
    Found 32-bit adder for signal <delay_cnt[31]_GND_1_o_add_154_OUT> created at line 288.
    Found 8x8-bit Read Only RAM for signal <_n0264>
    Found 32-bit 4-to-1 multiplexer for signal <time_rand[31]_time_rand[31]_mux_86_OUT> created at line 181.
    Found 5-bit 4-to-1 multiplexer for signal <state[2]_row[3]_select_53_OUT> created at line 88.
    Found 5-bit comparator not equal for signal <n0035> created at line 145
    Found 20-bit comparator lessequal for signal <n0043> created at line 152
    Found 32-bit comparator equal for signal <time_cnt[31]_limit[31]_equal_97_o> created at line 204
    Found 32-bit comparator greater for signal <delay_cnt[31]_GND_1_o_LessThan_154_o> created at line 287
INFO:Xst:2774 - HDL ADVISOR - KEEP property attached to signal cnt_900us may hinder XST clustering optimizations.
    Summary:
	inferred   1 RAM(s).
	inferred   6 Adder/Subtractor(s).
	inferred 238 D-type flip-flop(s).
	inferred   4 Comparator(s).
	inferred  14 Multiplexer(s).
	inferred   1 Finite State Machine(s).
Unit <button_led_buzzer> synthesized.

=========================================================================
HDL Synthesis Report

Macro Statistics
# RAMs                                                 : 1
 8x8-bit single-port Read Only RAM                     : 1
# Adders/Subtractors                                   : 6
 17-bit adder                                          : 1
 20-bit adder                                          : 1
 3-bit adder                                           : 1
 32-bit adder                                          : 3
# Registers                                            : 17
 1-bit register                                        : 3
 17-bit register                                       : 1
 20-bit register                                       : 1
 3-bit register                                        : 1
 32-bit register                                       : 5
 4-bit register                                        : 1
 5-bit register                                        : 3
 8-bit register                                        : 2
# Comparators                                          : 4
 20-bit comparator lessequal                           : 1
 32-bit comparator equal                               : 1
 32-bit comparator greater                             : 1
 5-bit comparator not equal                            : 1
# Multiplexers                                         : 14
 1-bit 2-to-1 multiplexer                              : 6
 20-bit 2-to-1 multiplexer                             : 1
 32-bit 2-to-1 multiplexer                             : 5
 5-bit 4-to-1 multiplexer                              : 1
 8-bit 2-to-1 multiplexer                              : 1
# FSMs                                                 : 1

=========================================================================
INFO:Xst:1767 - HDL ADVISOR - Resource sharing has identified that some arithmetic operations in this design can share the same physical resources for reduced device utilization. For improved clock frequency you may try to disable resource sharing.

=========================================================================
*                       Advanced HDL Synthesis                          *
=========================================================================

WARNING:Xst:1710 - FF/Latch <rand_31> (without init value) has a constant value of 0 in block <button_led_buzzer>. This FF/Latch will be trimmed during the optimization process.
WARNING:Xst:1895 - Due to other FF/Latch trimming, FF/Latch <rand_30> (without init value) has a constant value of 0 in block <button_led_buzzer>. This FF/Latch will be trimmed during the optimization process.
WARNING:Xst:1895 - Due to other FF/Latch trimming, FF/Latch <rand_29> (without init value) has a constant value of 0 in block <button_led_buzzer>. This FF/Latch will be trimmed during the optimization process.
WARNING:Xst:1895 - Due to other FF/Latch trimming, FF/Latch <rand_28> (without init value) has a constant value of 0 in block <button_led_buzzer>. This FF/Latch will be trimmed during the optimization process.
WARNING:Xst:1895 - Due to other FF/Latch trimming, FF/Latch <rand_27> (without init value) has a constant value of 0 in block <button_led_buzzer>. This FF/Latch will be trimmed during the optimization process.
WARNING:Xst:1895 - Due to other FF/Latch trimming, FF/Latch <rand_26> (without init value) has a constant value of 0 in block <button_led_buzzer>. This FF/Latch will be trimmed during the optimization process.
WARNING:Xst:1895 - Due to other FF/Latch trimming, FF/Latch <rand_25> (without init value) has a constant value of 0 in block <button_led_buzzer>. This FF/Latch will be trimmed during the optimization process.
WARNING:Xst:1895 - Due to other FF/Latch trimming, FF/Latch <rand_24> (without init value) has a constant value of 0 in block <button_led_buzzer>. This FF/Latch will be trimmed during the optimization process.
WARNING:Xst:1895 - Due to other FF/Latch trimming, FF/Latch <rand_23> (without init value) has a constant value of 0 in block <button_led_buzzer>. This FF/Latch will be trimmed during the optimization process.
WARNING:Xst:1895 - Due to other FF/Latch trimming, FF/Latch <rand_22> (without init value) has a constant value of 0 in block <button_led_buzzer>. This FF/Latch will be trimmed during the optimization process.
WARNING:Xst:1895 - Due to other FF/Latch trimming, FF/Latch <rand_21> (without init value) has a constant value of 0 in block <button_led_buzzer>. This FF/Latch will be trimmed during the optimization process.
WARNING:Xst:1895 - Due to other FF/Latch trimming, FF/Latch <rand_20> (without init value) has a constant value of 0 in block <button_led_buzzer>. This FF/Latch will be trimmed during the optimization process.
WARNING:Xst:1895 - Due to other FF/Latch trimming, FF/Latch <rand_19> (without init value) has a constant value of 0 in block <button_led_buzzer>. This FF/Latch will be trimmed during the optimization process.
WARNING:Xst:1895 - Due to other FF/Latch trimming, FF/Latch <rand_18> (without init value) has a constant value of 0 in block <button_led_buzzer>. This FF/Latch will be trimmed during the optimization process.
WARNING:Xst:1895 - Due to other FF/Latch trimming, FF/Latch <rand_17> (without init value) has a constant value of 0 in block <button_led_buzzer>. This FF/Latch will be trimmed during the optimization process.
WARNING:Xst:1895 - Due to other FF/Latch trimming, FF/Latch <rand_16> (without init value) has a constant value of 0 in block <button_led_buzzer>. This FF/Latch will be trimmed during the optimization process.
WARNING:Xst:1895 - Due to other FF/Latch trimming, FF/Latch <rand_15> (without init value) has a constant value of 0 in block <button_led_buzzer>. This FF/Latch will be trimmed during the optimization process.
WARNING:Xst:1895 - Due to other FF/Latch trimming, FF/Latch <rand_14> (without init value) has a constant value of 0 in block <button_led_buzzer>. This FF/Latch will be trimmed during the optimization process.
WARNING:Xst:1895 - Due to other FF/Latch trimming, FF/Latch <rand_13> (without init value) has a constant value of 0 in block <button_led_buzzer>. This FF/Latch will be trimmed during the optimization process.
WARNING:Xst:1895 - Due to other FF/Latch trimming, FF/Latch <rand_12> (without init value) has a constant value of 0 in block <button_led_buzzer>. This FF/Latch will be trimmed during the optimization process.
WARNING:Xst:1895 - Due to other FF/Latch trimming, FF/Latch <rand_11> (without init value) has a constant value of 0 in block <button_led_buzzer>. This FF/Latch will be trimmed during the optimization process.
WARNING:Xst:1895 - Due to other FF/Latch trimming, FF/Latch <rand_10> (without init value) has a constant value of 0 in block <button_led_buzzer>. This FF/Latch will be trimmed during the optimization process.
WARNING:Xst:1895 - Due to other FF/Latch trimming, FF/Latch <rand_9> (without init value) has a constant value of 0 in block <button_led_buzzer>. This FF/Latch will be trimmed during the optimization process.
WARNING:Xst:1895 - Due to other FF/Latch trimming, FF/Latch <rand_8> (without init value) has a constant value of 0 in block <button_led_buzzer>. This FF/Latch will be trimmed during the optimization process.
WARNING:Xst:1895 - Due to other FF/Latch trimming, FF/Latch <rand_7> (without init value) has a constant value of 0 in block <button_led_buzzer>. This FF/Latch will be trimmed during the optimization process.
WARNING:Xst:1895 - Due to other FF/Latch trimming, FF/Latch <rand_6> (without init value) has a constant value of 0 in block <button_led_buzzer>. This FF/Latch will be trimmed during the optimization process.
WARNING:Xst:1895 - Due to other FF/Latch trimming, FF/Latch <rand_5> (without init value) has a constant value of 0 in block <button_led_buzzer>. This FF/Latch will be trimmed during the optimization process.
WARNING:Xst:1895 - Due to other FF/Latch trimming, FF/Latch <rand_4> (without init value) has a constant value of 0 in block <button_led_buzzer>. This FF/Latch will be trimmed during the optimization process.
WARNING:Xst:1895 - Due to other FF/Latch trimming, FF/Latch <rand_3> (without init value) has a constant value of 0 in block <button_led_buzzer>. This FF/Latch will be trimmed during the optimization process.
WARNING:Xst:2404 -  FFs/Latches <rand<31:3>> (without init value) have a constant value of 0 in block <button_led_buzzer>.

Synthesizing (advanced) Unit <button_led_buzzer>.
The following registers are absorbed into accumulator <time_rand>: 1 register on signal <time_rand>.
The following registers are absorbed into counter <div_cnt>: 1 register on signal <div_cnt>.
The following registers are absorbed into counter <temp1>: 1 register on signal <temp1>.
The following registers are absorbed into counter <delay_cnt>: 1 register on signal <delay_cnt>.
The following registers are absorbed into counter <time_cnt>: 1 register on signal <time_cnt>.
INFO:Xst:3231 - The small RAM <Mram__n0264> will be implemented on LUTs in order to maximize performance and save block RAM resources. If you want to force its implementation on block, use option/constraint ram_style.
    -----------------------------------------------------------------------
    | ram_type           | Distributed                         |          |
    -----------------------------------------------------------------------
    | Port A                                                              |
    |     aspect ratio   | 8-word x 8-bit                      |          |
    |     weA            | connected to signal <GND>           | high     |
    |     addrA          | connected to signal <rand>          |          |
    |     diA            | connected to signal <GND>           |          |
    |     doA            | connected to internal node          |          |
    -----------------------------------------------------------------------
Unit <button_led_buzzer> synthesized (advanced).

=========================================================================
Advanced HDL Synthesis Report

Macro Statistics
# RAMs                                                 : 1
 8x8-bit single-port distributed Read Only RAM         : 1
# Adders/Subtractors                                   : 1
 20-bit adder                                          : 1
# Counters                                             : 4
 17-bit up counter                                     : 1
 3-bit up counter                                      : 1
 32-bit up counter                                     : 2
# Accumulators                                         : 1
 32-bit up accumulator                                 : 1
# Registers                                            : 93
 Flip-Flops                                            : 93
# Comparators                                          : 4
 20-bit comparator lessequal                           : 1
 32-bit comparator equal                               : 1
 32-bit comparator greater                             : 1
 5-bit comparator not equal                            : 1
# Multiplexers                                         : 14
 1-bit 2-to-1 multiplexer                              : 6
 20-bit 2-to-1 multiplexer                             : 1
 32-bit 2-to-1 multiplexer                             : 5
 5-bit 4-to-1 multiplexer                              : 1
 8-bit 2-to-1 multiplexer                              : 1
# FSMs                                                 : 1

=========================================================================

=========================================================================
*                         Low Level Synthesis                           *
=========================================================================
Analyzing FSM <MFsm> for best encoding.
Optimizing FSM <FSM_0> on signal <state[1:2]> with gray encoding.
-------------------
 State | Encoding
-------------------
 000   | 00
 001   | 01
 011   | 11
 010   | 10
-------------------
WARNING:Xst:1293 - FF/Latch <limit_31> has a constant value of 0 in block <button_led_buzzer>. This FF/Latch will be trimmed during the optimization process.
WARNING:Xst:1896 - Due to other FF/Latch trimming, FF/Latch <limit_30> has a constant value of 0 in block <button_led_buzzer>. This FF/Latch will be trimmed during the optimization process.
WARNING:Xst:1896 - Due to other FF/Latch trimming, FF/Latch <limit_29> has a constant value of 0 in block <button_led_buzzer>. This FF/Latch will be trimmed during the optimization process.
WARNING:Xst:1896 - Due to other FF/Latch trimming, FF/Latch <limit_25> has a constant value of 1 in block <button_led_buzzer>. This FF/Latch will be trimmed during the optimization process.
WARNING:Xst:1896 - Due to other FF/Latch trimming, FF/Latch <limit_23> has a constant value of 1 in block <button_led_buzzer>. This FF/Latch will be trimmed during the optimization process.
WARNING:Xst:1896 - Due to other FF/Latch trimming, FF/Latch <limit_22> has a constant value of 1 in block <button_led_buzzer>. This FF/Latch will be trimmed during the optimization process.
WARNING:Xst:1896 - Due to other FF/Latch trimming, FF/Latch <limit_17> has a constant value of 1 in block <button_led_buzzer>. This FF/Latch will be trimmed during the optimization process.
WARNING:Xst:1896 - Due to other FF/Latch trimming, FF/Latch <limit_15> has a constant value of 1 in block <button_led_buzzer>. This FF/Latch will be trimmed during the optimization process.
WARNING:Xst:1896 - Due to other FF/Latch trimming, FF/Latch <limit_11> has a constant value of 0 in block <button_led_buzzer>. This FF/Latch will be trimmed during the optimization process.
WARNING:Xst:1896 - Due to other FF/Latch trimming, FF/Latch <limit_8> has a constant value of 0 in block <button_led_buzzer>. This FF/Latch will be trimmed during the optimization process.
WARNING:Xst:1896 - Due to other FF/Latch trimming, FF/Latch <limit_6> has a constant value of 0 in block <button_led_buzzer>. This FF/Latch will be trimmed during the optimization process.
WARNING:Xst:1896 - Due to other FF/Latch trimming, FF/Latch <limit_5> has a constant value of 0 in block <button_led_buzzer>. This FF/Latch will be trimmed during the optimization process.
WARNING:Xst:1896 - Due to other FF/Latch trimming, FF/Latch <limit_4> has a constant value of 0 in block <button_led_buzzer>. This FF/Latch will be trimmed during the optimization process.
WARNING:Xst:1896 - Due to other FF/Latch trimming, FF/Latch <limit_3> has a constant value of 0 in block <button_led_buzzer>. This FF/Latch will be trimmed during the optimization process.
WARNING:Xst:1896 - Due to other FF/Latch trimming, FF/Latch <limit_2> has a constant value of 0 in block <button_led_buzzer>. This FF/Latch will be trimmed during the optimization process.
WARNING:Xst:1896 - Due to other FF/Latch trimming, FF/Latch <limit_1> has a constant value of 0 in block <button_led_buzzer>. This FF/Latch will be trimmed during the optimization process.
WARNING:Xst:1896 - Due to other FF/Latch trimming, FF/Latch <limit_0> has a constant value of 0 in block <button_led_buzzer>. This FF/Latch will be trimmed during the optimization process.
WARNING:Xst:2677 - Node <time_rand_3> of sequential type is unconnected in block <button_led_buzzer>.
WARNING:Xst:2677 - Node <time_rand_4> of sequential type is unconnected in block <button_led_buzzer>.
WARNING:Xst:2677 - Node <time_rand_5> of sequential type is unconnected in block <button_led_buzzer>.
WARNING:Xst:2677 - Node <time_rand_6> of sequential type is unconnected in block <button_led_buzzer>.
WARNING:Xst:2677 - Node <time_rand_7> of sequential type is unconnected in block <button_led_buzzer>.
WARNING:Xst:2677 - Node <time_rand_8> of sequential type is unconnected in block <button_led_buzzer>.
WARNING:Xst:2677 - Node <time_rand_9> of sequential type is unconnected in block <button_led_buzzer>.
WARNING:Xst:2677 - Node <time_rand_10> of sequential type is unconnected in block <button_led_buzzer>.
WARNING:Xst:2677 - Node <time_rand_11> of sequential type is unconnected in block <button_led_buzzer>.
WARNING:Xst:2677 - Node <time_rand_12> of sequential type is unconnected in block <button_led_buzzer>.
WARNING:Xst:2677 - Node <time_rand_13> of sequential type is unconnected in block <button_led_buzzer>.
WARNING:Xst:2677 - Node <time_rand_14> of sequential type is unconnected in block <button_led_buzzer>.
WARNING:Xst:2677 - Node <time_rand_15> of sequential type is unconnected in block <button_led_buzzer>.
WARNING:Xst:2677 - Node <time_rand_16> of sequential type is unconnected in block <button_led_buzzer>.
WARNING:Xst:2677 - Node <time_rand_17> of sequential type is unconnected in block <button_led_buzzer>.
WARNING:Xst:2677 - Node <time_rand_18> of sequential type is unconnected in block <button_led_buzzer>.
WARNING:Xst:2677 - Node <time_rand_19> of sequential type is unconnected in block <button_led_buzzer>.
WARNING:Xst:2677 - Node <time_rand_20> of sequential type is unconnected in block <button_led_buzzer>.
WARNING:Xst:2677 - Node <time_rand_21> of sequential type is unconnected in block <button_led_buzzer>.
WARNING:Xst:2677 - Node <time_rand_22> of sequential type is unconnected in block <button_led_buzzer>.
WARNING:Xst:2677 - Node <time_rand_23> of sequential type is unconnected in block <button_led_buzzer>.
WARNING:Xst:2677 - Node <time_rand_24> of sequential type is unconnected in block <button_led_buzzer>.
WARNING:Xst:2677 - Node <time_rand_25> of sequential type is unconnected in block <button_led_buzzer>.
WARNING:Xst:2677 - Node <time_rand_26> of sequential type is unconnected in block <button_led_buzzer>.
WARNING:Xst:2677 - Node <time_rand_27> of sequential type is unconnected in block <button_led_buzzer>.
WARNING:Xst:2677 - Node <time_rand_28> of sequential type is unconnected in block <button_led_buzzer>.
WARNING:Xst:2677 - Node <time_rand_29> of sequential type is unconnected in block <button_led_buzzer>.
WARNING:Xst:2677 - Node <time_rand_30> of sequential type is unconnected in block <button_led_buzzer>.
WARNING:Xst:2677 - Node <time_rand_31> of sequential type is unconnected in block <button_led_buzzer>.
WARNING:Xst:2677 - Node <temp1_2> of sequential type is unconnected in block <button_led_buzzer>.

Optimizing unit <button_led_buzzer> ...
WARNING:Xst:1293 - FF/Latch <delay_cnt_26> has a constant value of 0 in block <button_led_buzzer>. This FF/Latch will be trimmed during the optimization process.
WARNING:Xst:1896 - Due to other FF/Latch trimming, FF/Latch <delay_cnt_27> has a constant value of 0 in block <button_led_buzzer>. This FF/Latch will be trimmed during the optimization process.
WARNING:Xst:1896 - Due to other FF/Latch trimming, FF/Latch <delay_cnt_28> has a constant value of 0 in block <button_led_buzzer>. This FF/Latch will be trimmed during the optimization process.
WARNING:Xst:1896 - Due to other FF/Latch trimming, FF/Latch <delay_cnt_29> has a constant value of 0 in block <button_led_buzzer>. This FF/Latch will be trimmed during the optimization process.
WARNING:Xst:1896 - Due to other FF/Latch trimming, FF/Latch <delay_cnt_30> has a constant value of 0 in block <button_led_buzzer>. This FF/Latch will be trimmed during the optimization process.
WARNING:Xst:1896 - Due to other FF/Latch trimming, FF/Latch <delay_cnt_31> has a constant value of 0 in block <button_led_buzzer>. This FF/Latch will be trimmed during the optimization process.
INFO:Xst:2261 - The FF/Latch <limit_7> in Unit <button_led_buzzer> is equivalent to the following 2 FFs/Latches, which will be removed : <limit_12> <limit_13> 
INFO:Xst:2261 - The FF/Latch <limit_9> in Unit <button_led_buzzer> is equivalent to the following FF/Latch, which will be removed : <limit_27> 
INFO:Xst:2261 - The FF/Latch <limit_10> in Unit <button_led_buzzer> is equivalent to the following 3 FFs/Latches, which will be removed : <limit_18> <limit_26> <limit_28> 
INFO:Xst:3203 - The FF/Latch <limit_7> in Unit <button_led_buzzer> is the opposite to the following 2 FFs/Latches, which will be removed : <limit_16> <limit_24> 
INFO:Xst:3203 - The FF/Latch <limit_9> in Unit <button_led_buzzer> is the opposite to the following FF/Latch, which will be removed : <limit_20> 
INFO:Xst:3203 - The FF/Latch <limit_10> in Unit <button_led_buzzer> is the opposite to the following 3 FFs/Latches, which will be removed : <limit_14> <limit_19> <limit_21> 

Mapping all equations...
Building and optimizing final netlist ...
Found area constraint ratio of 100 (+ 5) on block button_led_buzzer, actual ratio is 4.
FlipFlop key_out_buf_2 has been replicated 1 time(s)
FlipFlop key_out_buf_4 has been replicated 1 time(s)

Final Macro Processing ...

=========================================================================
Final Register Report

Macro Statistics
# Registers                                            : 148
 Flip-Flops                                            : 148

=========================================================================

=========================================================================
*                           Partition Report                            *
=========================================================================

Partition Implementation Status
-------------------------------

  No Partitions were found in this design.

-------------------------------

=========================================================================
*                            Design Summary                             *
=========================================================================

Top Level Output File Name         : button_led_buzzer.ngc

Primitive and Black Box Usage:
------------------------------
# BELS                             : 446
#      GND                         : 1
#      INV                         : 5
#      LUT1                        : 92
#      LUT2                        : 11
#      LUT3                        : 16
#      LUT4                        : 46
#      LUT5                        : 14
#      LUT6                        : 50
#      MUXCY                       : 112
#      VCC                         : 1
#      XORCY                       : 98
# FlipFlops/Latches                : 148
#      FD                          : 53
#      FDE                         : 37
#      FDR                         : 46
#      FDRE                        : 8
#      FDS                         : 4
# Clock Buffers                    : 1
#      BUFGP                       : 1
# IO Buffers                       : 17
#      IBUF                        : 4
#      OBUF                        : 13

Device utilization summary:
---------------------------

Selected Device : 6slx9tqg144-2 


Slice Logic Utilization: 
 Number of Slice Registers:             148  out of  11440     1%  
 Number of Slice LUTs:                  234  out of   5720     4%  
    Number used as Logic:               234  out of   5720     4%  

Slice Logic Distribution: 
 Number of LUT Flip Flop pairs used:    249
   Number with an unused Flip Flop:     101  out of    249    40%  
   Number with an unused LUT:            15  out of    249     6%  
   Number of fully used LUT-FF pairs:   133  out of    249    53%  
   Number of unique control sets:         9

IO Utilization: 
 Number of IOs:                          18
 Number of bonded IOBs:                  18  out of    102    17%  

Specific Feature Utilization:
 Number of BUFG/BUFGCTRLs:                1  out of     16     6%  

---------------------------
Partition Resource Summary:
---------------------------

  No Partitions were found in this design.

---------------------------


=========================================================================
Timing Report

NOTE: THESE TIMING NUMBERS ARE ONLY A SYNTHESIS ESTIMATE.
      FOR ACCURATE TIMING INFORMATION PLEASE REFER TO THE TRACE REPORT
      GENERATED AFTER PLACE-and-ROUTE.

Clock Information:
------------------
-----------------------------------+------------------------+-------+
Clock Signal                       | Clock buffer(FF name)  | Load  |
-----------------------------------+------------------------+-------+
clk                                | BUFGP                  | 148   |
-----------------------------------+------------------------+-------+

Asynchronous Control Signals Information:
----------------------------------------
No asynchronous control signals found in this design

Timing Summary:
---------------
Speed Grade: -2

   Minimum period: 6.624ns (Maximum Frequency: 150.974MHz)
   Minimum input arrival time before clock: 4.183ns
   Maximum output required time after clock: 4.118ns
   Maximum combinational path delay: No path found

Timing Details:
---------------
All values displayed in nanoseconds (ns)

=========================================================================
Timing constraint: Default period analysis for Clock 'clk'
  Clock period: 6.624ns (frequency: 150.974MHz)
  Total number of paths / destination ports: 10134 / 247
-------------------------------------------------------------------------
Delay:               6.624ns (Levels of Logic = 9)
  Source:            key_out_fliter_2 (FF)
  Destination:       time_cnt_1 (FF)
  Source Clock:      clk rising
  Destination Clock: clk rising

  Data Path: key_out_fliter_2 to time_cnt_1
                                Gate     Net
    Cell:in->out      fanout   Delay   Delay  Logical Name (Net Name)
    ----------------------------------------  ------------
     FDE:C->Q              1   0.525   1.137  key_out_fliter_2 (key_out_fliter_2)
     LUT6:I0->O           12   0.254   1.069  key_out_buf[4]_key_out_fliter[4]_AND_13_o11 (key_out_buf[4]_key_out_fliter[4]_AND_13_o1)
     LUT6:I5->O            1   0.254   0.910  Mmux_limit[31]_GND_1_o_mux_95_OUT131 (limit[31]_GND_1_o_mux_95_OUT<20>)
     LUT6:I3->O            1   0.235   0.000  Mcompar_time_cnt[31]_limit[31]_equal_97_o_lut<6> (Mcompar_time_cnt[31]_limit[31]_equal_97_o_lut<6>)
     MUXCY:S->O            1   0.215   0.000  Mcompar_time_cnt[31]_limit[31]_equal_97_o_cy<6> (Mcompar_time_cnt[31]_limit[31]_equal_97_o_cy<6>)
     MUXCY:CI->O           1   0.023   0.000  Mcompar_time_cnt[31]_limit[31]_equal_97_o_cy<7> (Mcompar_time_cnt[31]_limit[31]_equal_97_o_cy<7>)
     MUXCY:CI->O           1   0.023   0.000  Mcompar_time_cnt[31]_limit[31]_equal_97_o_cy<8> (Mcompar_time_cnt[31]_limit[31]_equal_97_o_cy<8>)
     MUXCY:CI->O           1   0.023   0.000  Mcompar_time_cnt[31]_limit[31]_equal_97_o_cy<9> (Mcompar_time_cnt[31]_limit[31]_equal_97_o_cy<9>)
     MUXCY:CI->O          37   0.023   1.604  Mcompar_time_cnt[31]_limit[31]_equal_97_o_cy<10> (time_cnt[31]_limit[31]_equal_97_o)
     LUT4:I3->O            1   0.254   0.000  time_cnt_1_rstpot (time_cnt_1_rstpot)
     FD:D                      0.074          time_cnt_1
    ----------------------------------------
    Total                      6.624ns (1.904ns logic, 4.720ns route)
                                       (28.7% logic, 71.3% route)

=========================================================================
Timing constraint: Default OFFSET IN BEFORE for Clock 'clk'
  Total number of paths / destination ports: 28 / 5
-------------------------------------------------------------------------
Offset:              4.183ns (Levels of Logic = 3)
  Source:            row<0> (PAD)
  Destination:       key_out_0 (FF)
  Destination Clock: clk rising

  Data Path: row<0> to key_out_0
                                Gate     Net
    Cell:in->out      fanout   Delay   Delay  Logical Name (Net Name)
    ----------------------------------------  ------------
     IBUF:I->O             5   1.328   1.117  row_0_IBUF (row_0_IBUF)
     LUT4:I0->O            2   0.254   1.156  Mmux_state[2]_row[3]_select_53_OUT221 (Mmux_state[2]_row[3]_select_53_OUT22)
     LUT5:I0->O            1   0.254   0.000  Mmux_state[2]_row[3]_select_53_OUT11 (state[2]_row[3]_select_53_OUT<0>)
     FD:D                      0.074          key_out_0
    ----------------------------------------
    Total                      4.183ns (1.910ns logic, 2.273ns route)
                                       (45.7% logic, 54.3% route)

=========================================================================
Timing constraint: Default OFFSET OUT AFTER for Clock 'clk'
  Total number of paths / destination ports: 13 / 13
-------------------------------------------------------------------------
Offset:              4.118ns (Levels of Logic = 1)
  Source:            led_7 (FF)
  Destination:       led<7> (PAD)
  Source Clock:      clk rising

  Data Path: led_7 to led<7>
                                Gate     Net
    Cell:in->out      fanout   Delay   Delay  Logical Name (Net Name)
    ----------------------------------------  ------------
     FDRE:C->Q             1   0.525   0.681  led_7 (led_7)
     OBUF:I->O                 2.912          led_7_OBUF (led<7>)
    ----------------------------------------
    Total                      4.118ns (3.437ns logic, 0.681ns route)
                                       (83.5% logic, 16.5% route)

=========================================================================

Cross Clock Domains Report:
--------------------------

Clock to Setup on destination clock clk
---------------+---------+---------+---------+---------+
               | Src:Rise| Src:Fall| Src:Rise| Src:Fall|
Source Clock   |Dest:Rise|Dest:Rise|Dest:Fall|Dest:Fall|
---------------+---------+---------+---------+---------+
clk            |    6.624|         |         |         |
---------------+---------+---------+---------+---------+

=========================================================================


Total REAL time to Xst completion: 3.00 secs
Total CPU time to Xst completion: 2.94 secs
 
--> 

Total memory usage is 4504704 kilobytes

Number of errors   :    0 (   0 filtered)
Number of warnings :   85 (   0 filtered)
Number of infos    :    9 (   0 filtered)

