Release 14.7 - xst P.20131013 (nt64)
Copyright (c) 1995-2013 Xilinx, Inc.  All rights reserved.
--> Parameter TMPDIR set to xst/projnav.tmp


Total REAL time to Xst completion: 0.00 secs
Total CPU time to Xst completion: 0.07 secs
 
--> Parameter xsthdpdir set to xst


Total REAL time to Xst completion: 0.00 secs
Total CPU time to Xst completion: 0.07 secs
 
--> Reading design: button_led_buzzer.prj

TABLE OF CONTENTS
  1) Synthesis Options Summary
  2) HDL Parsing
  3) HDL Elaboration
  4) HDL Synthesis
       4.1) HDL Synthesis Report
  5) Advanced HDL Synthesis
       5.1) Advanced HDL Synthesis Report
  6) Low Level Synthesis
  7) Partition Report
  8) Design Summary
       8.1) Primitive and Black Box Usage
       8.2) Device utilization summary
       8.3) Partition Resource Summary
       8.4) Timing Report
            8.4.1) Clock Information
            8.4.2) Asynchronous Control Signals Information
            8.4.3) Timing Summary
            8.4.4) Timing Details
            8.4.5) Cross Clock Domains Report


=========================================================================
*                      Synthesis Options Summary                        *
=========================================================================
---- Source Parameters
Input File Name                    : "button_led_buzzer.prj"
Ignore Synthesis Constraint File   : NO

---- Target Parameters
Output File Name                   : "button_led_buzzer"
Output Format                      : NGC
Target Device                      : xc6slx9-2-tqg144

---- Source Options
Top Module Name                    : button_led_buzzer
Automatic FSM Extraction           : YES
FSM Encoding Algorithm             : Auto
Safe Implementation                : No
FSM Style                          : LUT
RAM Extraction                     : Yes
RAM Style                          : Auto
ROM Extraction                     : Yes
Shift Register Extraction          : YES
ROM Style                          : Auto
Resource Sharing                   : YES
Asynchronous To Synchronous        : NO
Shift Register Minimum Size        : 2
Use DSP Block                      : Auto
Automatic Register Balancing       : No

---- Target Options
LUT Combining                      : Auto
Reduce Control Sets                : Auto
Add IO Buffers                     : YES
Global Maximum Fanout              : 100000
Add Generic Clock Buffer(BUFG)     : 16
Register Duplication               : YES
Optimize Instantiated Primitives   : NO
Use Clock Enable                   : Auto
Use Synchronous Set                : Auto
Use Synchronous Reset              : Auto
Pack IO Registers into IOBs        : Auto
Equivalent register Removal        : YES

---- General Options
Optimization Goal                  : Speed
Optimization Effort                : 1
Power Reduction                    : NO
Keep Hierarchy                     : No
Netlist Hierarchy                  : As_Optimized
RTL Output                         : Yes
Global Optimization                : AllClockNets
Read Cores                         : YES
Write Timing Constraints           : NO
Cross Clock Analysis               : NO
Hierarchy Separator                : /
Bus Delimiter                      : <>
Case Specifier                     : Maintain
Slice Utilization Ratio            : 100
BRAM Utilization Ratio             : 100
DSP48 Utilization Ratio            : 100
Auto BRAM Packing                  : NO
Slice Utilization Ratio Delta      : 5

=========================================================================


=========================================================================
*                          HDL Parsing                                  *
=========================================================================
Analyzing Verilog file "C:\Users\Lenovo\Desktop\exp2_button_keyfilter_new_new\button_led_buzzer.v" into library work
Parsing module <button_led_buzzer>.

=========================================================================
*                            HDL Elaboration                            *
=========================================================================

Elaborating module <button_led_buzzer>.
WARNING:HDLCompiler:413 - "C:\Users\Lenovo\Desktop\exp2_button_keyfilter_new_new\button_led_buzzer.v" Line 214: Result of 32-bit expression is truncated to fit in 1-bit target.

=========================================================================
*                           HDL Synthesis                               *
=========================================================================

Synthesizing Unit <button_led_buzzer>.
    Related source file is "C:\Users\Lenovo\Desktop\exp2_button_keyfilter_new_new\button_led_buzzer.v".
    Set property "KEEP = TRUE" for signal <cnt_900us>.
    Set property "KEEP = TRUE" for signal <_n0143>.
    Found 1-bit register for signal <cnt_full>.
    Found 3-bit register for signal <state>.
    Found 4-bit register for signal <col>.
    Found 5-bit register for signal <key_out>.
    Found 5-bit register for signal <key_out_buf>.
    Found 20-bit register for signal <cnt_900us>.
    Found 5-bit register for signal <key_out_fliter>.
    Found 5-bit register for signal <q1>.
    Found 5-bit register for signal <key_flag>.
    Found 5-bit register for signal <q2>.
    Found 5-bit register for signal <qans>.
    Found 5-bit register for signal <xiangtong>.
    Found 1-bit register for signal <buzzer>.
    Found 17-bit register for signal <div_cnt>.
    Found finite state machine <FSM_1> for signal <key_flag>.
    -----------------------------------------------------------------------
    | States             | 2                                              |
    | Transitions        | 5                                              |
    | Inputs             | 3                                              |
    | Outputs            | 1                                              |
    | Clock              | clk (rising_edge)                              |
    | Reset              | _n0186 (positive)                              |
    | Reset type         | synchronous                                    |
    | Reset State        | 00000                                          |
    | Power Up State     | 00000                                          |
    | Encoding           | auto                                           |
    | Implementation     | LUT                                            |
    -----------------------------------------------------------------------
    Found finite state machine <FSM_0> for signal <state>.
    -----------------------------------------------------------------------
    | States             | 4                                              |
    | Transitions        | 8                                              |
    | Inputs             | 1                                              |
    | Outputs            | 6                                              |
    | Clock              | clk (rising_edge)                              |
    | Power Up State     | 000                                            |
    | Encoding           | auto                                           |
    | Implementation     | LUT                                            |
    -----------------------------------------------------------------------
    Found 17-bit adder for signal <div_cnt[16]_GND_1_o_add_2_OUT> created at line 50.
    Found 20-bit adder for signal <cnt_900us[19]_GND_1_o_add_61_OUT> created at line 162.
    Found 5-bit adder for signal <q1[4]_key_out_fliter[4]_add_83_OUT> created at line 197.
    Found 5-bit 4-to-1 multiplexer for signal <state[2]_row[3]_select_52_OUT> created at line 88.
    Found 5-bit comparator not equal for signal <n0034> created at line 159
    Found 20-bit comparator lessequal for signal <n0042> created at line 172
    Found 5-bit comparator greater for signal <n0048> created at line 182
    Found 5-bit comparator greater for signal <n0050> created at line 182
    Found 5-bit comparator not equal for signal <n0064> created at line 194
INFO:Xst:2774 - HDL ADVISOR - KEEP property attached to signal cnt_900us may hinder XST clustering optimizations.
    Summary:
	inferred   3 Adder/Subtractor(s).
	inferred  78 D-type flip-flop(s).
	inferred   5 Comparator(s).
	inferred   4 Multiplexer(s).
	inferred   2 Finite State Machine(s).
Unit <button_led_buzzer> synthesized.

=========================================================================
HDL Synthesis Report

Macro Statistics
# Adders/Subtractors                                   : 3
 17-bit adder                                          : 1
 20-bit adder                                          : 1
 5-bit adder                                           : 1
# Registers                                            : 12
 1-bit register                                        : 2
 17-bit register                                       : 1
 20-bit register                                       : 1
 4-bit register                                        : 1
 5-bit register                                        : 7
# Comparators                                          : 5
 20-bit comparator lessequal                           : 1
 5-bit comparator greater                              : 2
 5-bit comparator not equal                            : 2
# Multiplexers                                         : 4
 20-bit 2-to-1 multiplexer                             : 1
 5-bit 2-to-1 multiplexer                              : 2
 5-bit 4-to-1 multiplexer                              : 1
# FSMs                                                 : 2

=========================================================================

=========================================================================
*                       Advanced HDL Synthesis                          *
=========================================================================

WARNING:Xst:1293 - FF/Latch <xiangtong_1> has a constant value of 0 in block <button_led_buzzer>. This FF/Latch will be trimmed during the optimization process.
WARNING:Xst:1896 - Due to other FF/Latch trimming, FF/Latch <xiangtong_2> has a constant value of 0 in block <button_led_buzzer>. This FF/Latch will be trimmed during the optimization process.
WARNING:Xst:1896 - Due to other FF/Latch trimming, FF/Latch <xiangtong_3> has a constant value of 0 in block <button_led_buzzer>. This FF/Latch will be trimmed during the optimization process.
WARNING:Xst:1896 - Due to other FF/Latch trimming, FF/Latch <xiangtong_4> has a constant value of 0 in block <button_led_buzzer>. This FF/Latch will be trimmed during the optimization process.

Synthesizing (advanced) Unit <button_led_buzzer>.
The following registers are absorbed into counter <div_cnt>: 1 register on signal <div_cnt>.
Unit <button_led_buzzer> synthesized (advanced).

=========================================================================
Advanced HDL Synthesis Report

Macro Statistics
# Adders/Subtractors                                   : 2
 20-bit adder                                          : 1
 5-bit adder                                           : 1
# Counters                                             : 1
 17-bit up counter                                     : 1
# Registers                                            : 61
 Flip-Flops                                            : 61
# Comparators                                          : 5
 20-bit comparator lessequal                           : 1
 5-bit comparator greater                              : 2
 5-bit comparator not equal                            : 2
# Multiplexers                                         : 8
 1-bit 2-to-1 multiplexer                              : 5
 20-bit 2-to-1 multiplexer                             : 1
 5-bit 2-to-1 multiplexer                              : 1
 5-bit 4-to-1 multiplexer                              : 1
# FSMs                                                 : 2

=========================================================================

=========================================================================
*                         Low Level Synthesis                           *
=========================================================================
WARNING:Xst:1293 - FF/Latch <xiangtong_1> has a constant value of 0 in block <button_led_buzzer>. This FF/Latch will be trimmed during the optimization process.
WARNING:Xst:1896 - Due to other FF/Latch trimming, FF/Latch <xiangtong_2> has a constant value of 0 in block <button_led_buzzer>. This FF/Latch will be trimmed during the optimization process.
WARNING:Xst:1896 - Due to other FF/Latch trimming, FF/Latch <xiangtong_3> has a constant value of 0 in block <button_led_buzzer>. This FF/Latch will be trimmed during the optimization process.
WARNING:Xst:1896 - Due to other FF/Latch trimming, FF/Latch <xiangtong_4> has a constant value of 0 in block <button_led_buzzer>. This FF/Latch will be trimmed during the optimization process.
Analyzing FSM <MFsm> for best encoding.
Optimizing FSM <FSM_0> on signal <state[1:2]> with gray encoding.
-------------------
 State | Encoding
-------------------
 000   | 00
 001   | 01
 011   | 11
 010   | 10
-------------------
Analyzing FSM <MFsm> for best encoding.
Optimizing FSM <FSM_1> on signal <key_flag[1:1]> with sequential encoding.
-------------------
 State | Encoding
-------------------
 00000 | 0
 00001 | 1
-------------------

Optimizing unit <button_led_buzzer> ...
WARNING:Xst:1293 - FF/Latch <q2_4> has a constant value of 0 in block <button_led_buzzer>. This FF/Latch will be trimmed during the optimization process.
WARNING:Xst:1896 - Due to other FF/Latch trimming, FF/Latch <q1_4> has a constant value of 0 in block <button_led_buzzer>. This FF/Latch will be trimmed during the optimization process.

Mapping all equations...
Building and optimizing final netlist ...
Found area constraint ratio of 100 (+ 5) on block button_led_buzzer, actual ratio is 2.

Final Macro Processing ...

=========================================================================
Final Register Report

Macro Statistics
# Registers                                            : 75
 Flip-Flops                                            : 75

=========================================================================

=========================================================================
*                           Partition Report                            *
=========================================================================

Partition Implementation Status
-------------------------------

  No Partitions were found in this design.

-------------------------------

=========================================================================
*                            Design Summary                             *
=========================================================================

Top Level Output File Name         : button_led_buzzer.ngc

Primitive and Black Box Usage:
------------------------------
# BELS                             : 215
#      GND                         : 1
#      INV                         : 2
#      LUT1                        : 35
#      LUT2                        : 5
#      LUT3                        : 12
#      LUT4                        : 7
#      LUT5                        : 12
#      LUT6                        : 62
#      MUXCY                       : 35
#      MUXF7                       : 6
#      VCC                         : 1
#      XORCY                       : 37
# FlipFlops/Latches                : 75
#      FD                          : 14
#      FDE                         : 5
#      FDR                         : 39
#      FDRE                        : 13
#      FDS                         : 4
# Clock Buffers                    : 1
#      BUFGP                       : 1
# IO Buffers                       : 17
#      IBUF                        : 4
#      OBUF                        : 13

Device utilization summary:
---------------------------

Selected Device : 6slx9tqg144-2 


Slice Logic Utilization: 
 Number of Slice Registers:              75  out of  11440     0%  
 Number of Slice LUTs:                  135  out of   5720     2%  
    Number used as Logic:               135  out of   5720     2%  

Slice Logic Distribution: 
 Number of LUT Flip Flop pairs used:    143
   Number with an unused Flip Flop:      68  out of    143    47%  
   Number with an unused LUT:             8  out of    143     5%  
   Number of fully used LUT-FF pairs:    67  out of    143    46%  
   Number of unique control sets:         8

IO Utilization: 
 Number of IOs:                          18
 Number of bonded IOBs:                  18  out of    102    17%  

Specific Feature Utilization:
 Number of BUFG/BUFGCTRLs:                1  out of     16     6%  

---------------------------
Partition Resource Summary:
---------------------------

  No Partitions were found in this design.

---------------------------


=========================================================================
Timing Report

NOTE: THESE TIMING NUMBERS ARE ONLY A SYNTHESIS ESTIMATE.
      FOR ACCURATE TIMING INFORMATION PLEASE REFER TO THE TRACE REPORT
      GENERATED AFTER PLACE-and-ROUTE.

Clock Information:
------------------
-----------------------------------+------------------------+-------+
Clock Signal                       | Clock buffer(FF name)  | Load  |
-----------------------------------+------------------------+-------+
clk                                | BUFGP                  | 75    |
-----------------------------------+------------------------+-------+

Asynchronous Control Signals Information:
----------------------------------------
No asynchronous control signals found in this design

Timing Summary:
---------------
Speed Grade: -2

   Minimum period: 5.950ns (Maximum Frequency: 168.067MHz)
   Minimum input arrival time before clock: 4.208ns
   Maximum output required time after clock: 4.162ns
   Maximum combinational path delay: No path found

Timing Details:
---------------
All values displayed in nanoseconds (ns)

=========================================================================
Timing constraint: Default period analysis for Clock 'clk'
  Clock period: 5.950ns (frequency: 168.067MHz)
  Total number of paths / destination ports: 2839 / 145
-------------------------------------------------------------------------
Delay:               5.950ns (Levels of Logic = 4)
  Source:            q1_1 (FF)
  Destination:       qans_0 (FF)
  Source Clock:      clk rising
  Destination Clock: clk rising

  Data Path: q1_1 to qans_0
                                Gate     Net
    Cell:in->out      fanout   Delay   Delay  Logical Name (Net Name)
    ----------------------------------------  ------------
     FDRE:C->Q            14   0.525   1.403  q1_1 (q1_1)
     LUT5:I1->O           19   0.254   1.261  q1[4]_key_flag[4]_AND_14_o1 (q1[4]_key_flag[4]_AND_14_o)
     LUT3:I2->O            2   0.254   0.834  mux1111 (n0151<1>)
     LUT6:I4->O            5   0.250   0.841  _n0205_inv7 (_n0205_inv7)
     LUT6:I5->O            1   0.254   0.000  qans_0_dpot (qans_0_dpot)
     FDRE:D                    0.074          qans_0
    ----------------------------------------
    Total                      5.950ns (1.611ns logic, 4.339ns route)
                                       (27.1% logic, 72.9% route)

=========================================================================
Timing constraint: Default OFFSET IN BEFORE for Clock 'clk'
  Total number of paths / destination ports: 28 / 5
-------------------------------------------------------------------------
Offset:              4.208ns (Levels of Logic = 3)
  Source:            row<1> (PAD)
  Destination:       key_out_0 (FF)
  Destination Clock: clk rising

  Data Path: row<1> to key_out_0
                                Gate     Net
    Cell:in->out      fanout   Delay   Delay  Logical Name (Net Name)
    ----------------------------------------  ------------
     IBUF:I->O             5   1.328   1.117  row_1_IBUF (row_1_IBUF)
     LUT4:I0->O            2   0.254   1.181  Mmux_state[2]_row[3]_select_52_OUT121 (Mmux_state[2]_row[3]_select_52_OUT12)
     LUT6:I0->O            1   0.254   0.000  Mmux_state[2]_row[3]_select_52_OUT11 (state[2]_row[3]_select_52_OUT<0>)
     FD:D                      0.074          key_out_0
    ----------------------------------------
    Total                      4.208ns (1.910ns logic, 2.298ns route)
                                       (45.4% logic, 54.6% route)

=========================================================================
Timing constraint: Default OFFSET OUT AFTER for Clock 'clk'
  Total number of paths / destination ports: 10 / 10
-------------------------------------------------------------------------
Offset:              4.162ns (Levels of Logic = 1)
  Source:            qans_4 (FF)
  Destination:       led<7> (PAD)
  Source Clock:      clk rising

  Data Path: qans_4 to led<7>
                                Gate     Net
    Cell:in->out      fanout   Delay   Delay  Logical Name (Net Name)
    ----------------------------------------  ------------
     FDRE:C->Q             2   0.525   0.725  qans_4 (qans_4)
     OBUF:I->O                 2.912          led_7_OBUF (led<7>)
    ----------------------------------------
    Total                      4.162ns (3.437ns logic, 0.725ns route)
                                       (82.6% logic, 17.4% route)

=========================================================================

Cross Clock Domains Report:
--------------------------

Clock to Setup on destination clock clk
---------------+---------+---------+---------+---------+
               | Src:Rise| Src:Fall| Src:Rise| Src:Fall|
Source Clock   |Dest:Rise|Dest:Rise|Dest:Fall|Dest:Fall|
---------------+---------+---------+---------+---------+
clk            |    5.950|         |         |         |
---------------+---------+---------+---------+---------+

=========================================================================


Total REAL time to Xst completion: 3.00 secs
Total CPU time to Xst completion: 2.69 secs
 
--> 

Total memory usage is 4488512 kilobytes

Number of errors   :    0 (   0 filtered)
Number of warnings :   11 (   0 filtered)
Number of infos    :    1 (   0 filtered)

